exports[`OK has correct className rendering 1`] = `
<svg
  aria-labelledby="ok-title"
  className="grommetux-status-icon grommetux-status-icon-ok testing"
  role="img"
  version="1.1"
  viewBox="0 0 24 24">
  <title
    id="ok-title">
    <span
      id="OK">
      OK
    </span>
  </title>
  <g
    className="grommetux-status-icon__base">
    <circle
      cx="12"
      cy="12"
      r="12"
      role="presentation"
      stroke="none" />
  </g>
  <g
    className="grommetux-status-icon__detail">
    <path
      d="M10,17.4 L5.3,12.7 L6.7,11.3 L10,14.6 L17.3,7.3 L18.7,8.7 L10,17.4 Z"
      role="presentation"
      stroke="none" />
  </g>
</svg>
`;

exports[`OK has correct default options 1`] = `
<svg
  aria-labelledby="ok-title"
  className="grommetux-status-icon grommetux-status-icon-ok"
  role="img"
  version="1.1"
  viewBox="0 0 24 24">
  <title
    id="ok-title">
    <span
      id="OK">
      OK
    </span>
  </title>
  <g
    className="grommetux-status-icon__base">
    <circle
      cx="12"
      cy="12"
      r="12"
      role="presentation"
      stroke="none" />
  </g>
  <g
    className="grommetux-status-icon__detail">
    <path
      d="M10,17.4 L5.3,12.7 L6.7,11.3 L10,14.6 L17.3,7.3 L18.7,8.7 L10,17.4 Z"
      role="presentation"
      stroke="none" />
  </g>
</svg>
`;
