exports[`Unknown has correct className rendering 1`] = `
<svg
  aria-labelledby="unknown-title"
  className="grommetux-status-icon grommetux-status-icon-unknown testing"
  role="img"
  version="1.1"
  viewBox="0 0 24 24">
  <title
    id="unknown-title">
    <span
      id="Unknown">
      Unknown
    </span>
  </title>
  <g
    className="grommetux-status-icon__base">
    <path
      d="M12,2 C17.5,2 22,6.5 22,12 C22,17.5 17.5,22 12,22 C6.5,22 2,17.5 2,12 C2,6.5 6.5,2 12,2 L12,2 Z M12,0 C5.4,0 0,5.4 0,12 C0,18.6 5.4,24 12,24 C18.6,24 24,18.6 24,12 C24,5.4 18.6,0 12,0 L12,0 L12,0 Z"
      role="presentation"
      stroke="none" />
  </g>
  <g
    className="grommetux-status-icon__detail">
    <path
      d="M9,10.4 C9,8.8 10.4,7.6 12,7.6 C13.6,7.6 14.9,9 15,10.4 C15,11.7 14.1,12.7 12.9,13.1 C12.4,13.2 12,13.7 12,14.2 L12,15.5"
      fill="none"
      role="presentation"
      strokeWidth="2" />
    <circle
      cx="12"
      cy="17.6"
      r="1"
      role="presentation"
      stroke="none" />
  </g>
</svg>
`;

exports[`Unknown has correct default options 1`] = `
<svg
  aria-labelledby="unknown-title"
  className="grommetux-status-icon grommetux-status-icon-unknown"
  role="img"
  version="1.1"
  viewBox="0 0 24 24">
  <title
    id="unknown-title">
    <span
      id="Unknown">
      Unknown
    </span>
  </title>
  <g
    className="grommetux-status-icon__base">
    <path
      d="M12,2 C17.5,2 22,6.5 22,12 C22,17.5 17.5,22 12,22 C6.5,22 2,17.5 2,12 C2,6.5 6.5,2 12,2 L12,2 Z M12,0 C5.4,0 0,5.4 0,12 C0,18.6 5.4,24 12,24 C18.6,24 24,18.6 24,12 C24,5.4 18.6,0 12,0 L12,0 L12,0 Z"
      role="presentation"
      stroke="none" />
  </g>
  <g
    className="grommetux-status-icon__detail">
    <path
      d="M9,10.4 C9,8.8 10.4,7.6 12,7.6 C13.6,7.6 14.9,9 15,10.4 C15,11.7 14.1,12.7 12.9,13.1 C12.4,13.2 12,13.7 12,14.2 L12,15.5"
      fill="none"
      role="presentation"
      strokeWidth="2" />
    <circle
      cx="12"
      cy="17.6"
      r="1"
      role="presentation"
      stroke="none" />
  </g>
</svg>
`;
