exports[`Attribute has correct default options 1`] = `
<div
  className="grommetux-attribute">
  <label
    className="grommetux-attribute__label">
    testLabel
  </label>
  <span
    className="grommetux-attribute__contents">
    testContent
  </span>
</div>
`;
