exports[`Search has correct default options 1`] = `
<div>
  <button
    aria-label={undefined}
    className="grommetux-button grommetux-search grommetux-search--controlled grommetux-search--icon-align-end grommetux-button--plain grommetux-button--icon"
    disabled={false}
    href={undefined}
    id={undefined}
    onClick={[Function bound _onAddDrop]}
    type="button">
    <span
      className="grommetux-button__icon">
      <svg
        aria-labelledby="search-title"
        className="grommetux-control-icon grommetux-control-icon-search"
        height="24px"
        role="img"
        version="1.1"
        viewBox="0 0 24 24"
        width="24px">
        <title
          id="search-title">
          <span
            id="search">
            search
          </span>
        </title>
        <g>
          <rect
            fill="none"
            height="24"
            width="24"
            x="0" />
          <path
            d="M18,9.5c0,4.6944-3.8056,8.5-8.5,8.5 S1,14.1944,1,9.5S4.8056,1,9.5,1S18,4.8056,18,9.5z M16,16l7,7"
            fill="none"
            stroke="#000000"
            strokeMiterlimit="10"
            strokeWidth="2" />
        </g>
      </svg>
    </span>
  </button>
</div>
`;
