exports[`Timestamp has correct default options 1`] = `
<span
  className="grommetux-timestamp grommetux-timestamp--left">
  <span
    className="grommetux-timestamp__date">
    Apr 7, 2015
  </span>
   
  <span
    className="grommetux-timestamp__time">
    10:00 AM
  </span>
</span>
`;
