exports[`Spinning has correct className rendering 1`] = `
<svg
  className="grommetux-icon-spinning testing"
  role="img"
  version="1.1"
  viewBox="0 0 48 48">
  <title>
    Spinning
  </title>
  <circle
    cx="24"
    cy="24"
    fill="none"
    r="20"
    stroke="#ddd"
    strokeDasharray="24px 8px"
    strokeWidth="4" />
  <circle
    cx="24"
    cy="24"
    fill="none"
    r="20"
    stroke="#333"
    strokeDasharray="24px 104px"
    strokeWidth="4" />
</svg>
`;

exports[`Spinning has correct default options 1`] = `
<svg
  className="grommetux-icon-spinning"
  role="img"
  version="1.1"
  viewBox="0 0 48 48">
  <title>
    Spinning
  </title>
  <circle
    cx="24"
    cy="24"
    fill="none"
    r="20"
    stroke="#ddd"
    strokeDasharray="24px 8px"
    strokeWidth="4" />
  <circle
    cx="24"
    cy="24"
    fill="none"
    r="20"
    stroke="#333"
    strokeDasharray="24px 104px"
    strokeWidth="4" />
</svg>
`;

exports[`Spinning has correct small=true rendering 1`] = `
<svg
  className="grommetux-icon-spinning grommetux-icon-spinning--small"
  role="img"
  version="1.1"
  viewBox="0 0 48 48">
  <title>
    Spinning
  </title>
  <circle
    cx="24"
    cy="24"
    fill="none"
    r="20"
    stroke="#ddd"
    strokeDasharray="24px 8px"
    strokeWidth="4" />
  <circle
    cx="24"
    cy="24"
    fill="none"
    r="20"
    stroke="#333"
    strokeDasharray="24px 104px"
    strokeWidth="4" />
</svg>
`;
