exports[`Status has correct className rendering 1`] = `
<svg
  aria-labelledby="unknown-title"
  className="grommetux-status-icon grommetux-status-icon-unknown testing"
  role="img"
  version="1.1"
  viewBox="0 0 24 24">
  <title
    id="unknown-title">
    <span
      id="Unknown">
      Unknown
    </span>
  </title>
  <g
    className="grommetux-status-icon__base">
    <path
      d="M12,2 C17.5,2 22,6.5 22,12 C22,17.5 17.5,22 12,22 C6.5,22 2,17.5 2,12 C2,6.5 6.5,2 12,2 L12,2 Z M12,0 C5.4,0 0,5.4 0,12 C0,18.6 5.4,24 12,24 C18.6,24 24,18.6 24,12 C24,5.4 18.6,0 12,0 L12,0 L12,0 Z"
      role="presentation"
      stroke="none" />
  </g>
  <g
    className="grommetux-status-icon__detail">
    <path
      d="M9,10.4 C9,8.8 10.4,7.6 12,7.6 C13.6,7.6 14.9,9 15,10.4 C15,11.7 14.1,12.7 12.9,13.1 C12.4,13.2 12,13.7 12,14.2 L12,15.5"
      fill="none"
      role="presentation"
      strokeWidth="2" />
    <circle
      cx="12"
      cy="17.6"
      r="1"
      role="presentation"
      stroke="none" />
  </g>
</svg>
`;

exports[`Status has correct default options 1`] = `
<svg
  aria-labelledby="unknown-title"
  className="grommetux-status-icon grommetux-status-icon-unknown"
  role="img"
  version="1.1"
  viewBox="0 0 24 24">
  <title
    id="unknown-title">
    <span
      id="Unknown">
      Unknown
    </span>
  </title>
  <g
    className="grommetux-status-icon__base">
    <path
      d="M12,2 C17.5,2 22,6.5 22,12 C22,17.5 17.5,22 12,22 C6.5,22 2,17.5 2,12 C2,6.5 6.5,2 12,2 L12,2 Z M12,0 C5.4,0 0,5.4 0,12 C0,18.6 5.4,24 12,24 C18.6,24 24,18.6 24,12 C24,5.4 18.6,0 12,0 L12,0 L12,0 Z"
      role="presentation"
      stroke="none" />
  </g>
  <g
    className="grommetux-status-icon__detail">
    <path
      d="M9,10.4 C9,8.8 10.4,7.6 12,7.6 C13.6,7.6 14.9,9 15,10.4 C15,11.7 14.1,12.7 12.9,13.1 C12.4,13.2 12,13.7 12,14.2 L12,15.5"
      fill="none"
      role="presentation"
      strokeWidth="2" />
    <circle
      cx="12"
      cy="17.6"
      r="1"
      role="presentation"
      stroke="none" />
  </g>
</svg>
`;

exports[`Status has correct value="blank" rendering 1`] = `
<svg
  aria-labelledby="blank-title"
  className="grommetux-status-icon grommetux-status-icon-blank"
  role="img"
  version="1.1"
  viewBox="0 0 24 24">
  <title
    id="blank-title">
    <span
      id="Blank">
      Blank
    </span>
  </title>
</svg>
`;

exports[`Status has correct value="critical" rendering 1`] = `
<svg
  aria-labelledby="critical-title"
  className="grommetux-status-icon grommetux-status-icon-critical"
  role="img"
  version="1.1"
  viewBox="0 0 24 24">
  <title
    id="critical-title">
    <span
      id="Critical">
      Critical
    </span>
  </title>
  <g
    className="grommetux-status-icon__base"
    stroke="none">
    <path
      d="M12,0 L24,12 L12,24 L0,12 Z"
      role="presentation" />
  </g>
  <g
    className="grommetux-status-icon__detail"
    fill="none">
    <path
      d="M8,8 L16,16"
      role="presentation"
      strokeWidth="2" />
    <path
      d="M8,16 L16,8"
      role="presentation"
      strokeWidth="2" />
  </g>
</svg>
`;

exports[`Status has correct value="disabled" rendering 1`] = `
<svg
  aria-labelledby="disabled-title"
  className="grommetux-status-icon grommetux-status-icon-disabled"
  role="img"
  version="1.1"
  viewBox="0 0 24 24">
  <title
    id="disabled-title">
    <span
      id="Disabled">
      Disabled
    </span>
  </title>
  <g
    className="grommetux-status-icon__base">
    <path
      d="M21,24 L3,24 C1.3,24 0,22.7 0,21 L0,3 C0,1.3 1.3,0 3,0 L21,0 C22.7,0 24,1.3 24,3 L24,21 C24,22.7 22.7,24 21,24 L21,24 Z"
      role="presentation"
      stroke="none" />
  </g>
  <g
    className="grommetux-status-icon__detail"
    strokeWidth="2">
    <path
      d="M6,12 L18,12" />
  </g>
</svg>
`;

exports[`Status has correct value="label" rendering 1`] = `
<svg
  className="grommetux-status-icon grommetux-status-icon-label"
  version="1.1"
  viewBox="0 0 24 24">
  <g
    className="grommetux-status-icon__base">
    <circle
      cx="12"
      cy="12"
      r="12"
      stroke="none" />
  </g>
</svg>
`;

exports[`Status has correct value="ok" rendering 1`] = `
<svg
  aria-labelledby="ok-title"
  className="grommetux-status-icon grommetux-status-icon-ok"
  role="img"
  version="1.1"
  viewBox="0 0 24 24">
  <title
    id="ok-title">
    <span
      id="OK">
      OK
    </span>
  </title>
  <g
    className="grommetux-status-icon__base">
    <circle
      cx="12"
      cy="12"
      r="12"
      role="presentation"
      stroke="none" />
  </g>
  <g
    className="grommetux-status-icon__detail">
    <path
      d="M10,17.4 L5.3,12.7 L6.7,11.3 L10,14.6 L17.3,7.3 L18.7,8.7 L10,17.4 Z"
      role="presentation"
      stroke="none" />
  </g>
</svg>
`;

exports[`Status has correct value="warning" rendering 1`] = `
<svg
  aria-labelledby="warning-title"
  className="grommetux-status-icon grommetux-status-icon-warning"
  role="img"
  version="1.1"
  viewBox="0 0 24 24">
  <title
    id="warning-title">
    <span
      id="Warning">
      Warning
    </span>
  </title>
  <g
    className="grommetux-status-icon__base">
    <path
      d="M12,0 L0,22 L24,22 L12,0 L12,0 Z"
      role="presentation"
      stroke="none" />
  </g>
  <g
    className="grommetux-status-icon__detail"
    strokeWidth="2"
    transform="translate(11.000000, 8.000000)">
    <path
      d="M1,0 L1,6"
      fill="none"
      role="presentation" />
    <path
      d="M1,8 L1,10"
      fill="none"
      role="presentation" />
  </g>
</svg>
`;
